INFO     unity_bridge.health:health_monitor.py:215 Unity Bridge healthy after 0.0s
DEBUG    unity_bridge.health:health_monitor.py:218 Waiting for healthy status: No heartbeat file found. Unity Bridge may not be running.
DEBUG    unity_bridge.health:health_monitor.py:218 Waiting for healthy status: No heartbeat file found. Unity Bridge may not be running.
DEBUG    unity_bridge.health:health_monitor.py:218 Waiting for healthy status: No heartbeat file found. Unity Bridge may not be running.
INFO     unity_bridge.health:health_monitor.py:215 Unity Bridge healthy after 0.3s
DEBUG    unity_bridge.health:health_monitor.py:218 Waiting for healthy status: No heartbeat file found. Unity Bridge may not be running.
DEBUG    unity_bridge.health:health_monitor.py:218 Waiting for healthy status: No heartbeat file found. Unity Bridge may not be running.
DEBUG    unity_bridge.health:health_monitor.py:218 Waiting for healthy status: No heartbeat file found. Unity Bridge may not be running.
DEBUG    unity_bridge.health:health_monitor.py:218 Waiting for healthy status: No heartbeat file found. Unity Bridge may not be running.
WARNING  unity_bridge.health:health_monitor.py:221 Timeout waiting for healthy status after 0.2s
INFO     unity_bridge.health:health_monitor.py:215 Unity Bridge healthy after 0.0s
DEBUG    asyncio:proactor_events.py:634 Using proactor: IocpProactor
DEBUG    asyncio:proactor_events.py:634 Using proactor: IocpProactor
DEBUG    asyncio:proactor_events.py:634 Using proactor: IocpProactor
DEBUG    unity_bridge.cache:response_cache.py:104 ResponseCache initialized with max_entries=100
DEBUG    unity_bridge.cache:response_cache.py:104 ResponseCache initialized with max_entries=50
DEBUG    unity_bridge.cache:response_cache.py:104 ResponseCache initialized with max_entries=10
DEBUG    asyncio:proactor_events.py:634 Using proactor: IocpProactor
DEBUG    unity_bridge.cache:response_cache.py:104 ResponseCache initialized with max_entries=10
DEBUG    asyncio:proactor_events.py:634 Using proactor: IocpProactor
DEBUG    unity_bridge.cache:response_cache.py:226 Cached response for query-hierarchy (TTL: 5.0s, size: 1/10)
DEBUG    unity_bridge.cache:response_cache.py:165 Cache hit for query-hierarchy
DEBUG    unity_bridge.cache:response_cache.py:104 ResponseCache initialized with max_entries=10
DEBUG    asyncio:proactor_events.py:634 Using proactor: IocpProactor
DEBUG    unity_bridge.cache:response_cache.py:226 Cached response for query-hierarchy (TTL: 5.0s, size: 1/10)
DEBUG    unity_bridge.cache:response_cache.py:104 ResponseCache initialized with max_entries=10
DEBUG    asyncio:proactor_events.py:634 Using proactor: IocpProactor
DEBUG    unity_bridge.cache:response_cache.py:226 Cached response for query-hierarchy (TTL: 5.0s, size: 1/10)
DEBUG    unity_bridge.cache:response_cache.py:104 ResponseCache initialized with max_entries=10
DEBUG    asyncio:proactor_events.py:634 Using proactor: IocpProactor
DEBUG    unity_bridge.cache:response_cache.py:104 ResponseCache initialized with max_entries=10
DEBUG    asyncio:proactor_events.py:634 Using proactor: IocpProactor
DEBUG    unity_bridge.cache:response_cache.py:209 Not caching failed response for query-hierarchy
DEBUG    unity_bridge.cache:response_cache.py:104 ResponseCache initialized with max_entries=10
DEBUG    asyncio:proactor_events.py:634 Using proactor: IocpProactor
DEBUG    unity_bridge.cache:response_cache.py:226 Cached response for query-hierarchy (TTL: 0.1s, size: 1/10)
DEBUG    unity_bridge.cache:response_cache.py:165 Cache hit for query-hierarchy
DEBUG    unity_bridge.cache:response_cache.py:171 Cache entry expired for query-hierarchy
DEBUG    unity_bridge.cache:response_cache.py:104 ResponseCache initialized with max_entries=10
DEBUG    asyncio:proactor_events.py:634 Using proactor: IocpProactor
DEBUG    unity_bridge.cache:response_cache.py:226 Cached response for query-hierarchy (TTL: 0.2s, size: 1/10)
DEBUG    unity_bridge.cache:response_cache.py:165 Cache hit for query-hierarchy
DEBUG    unity_bridge.cache:response_cache.py:104 ResponseCache initialized with max_entries=10
DEBUG    asyncio:proactor_events.py:634 Using proactor: IocpProactor
DEBUG    unity_bridge.cache:response_cache.py:226 Cached response for query-hierarchy (TTL: 5.0s, size: 1/10)
DEBUG    unity_bridge.cache:response_cache.py:165 Cache hit for query-hierarchy
DEBUG    unity_bridge.cache:response_cache.py:104 ResponseCache initialized with max_entries=10
DEBUG    asyncio:proactor_events.py:634 Using proactor: IocpProactor
DEBUG    unity_bridge.cache:response_cache.py:226 Cached response for query-hierarchy (TTL: 5.0s, size: 1/10)
DEBUG    unity_bridge.cache:response_cache.py:165 Cache hit for query-hierarchy
DEBUG    unity_bridge.cache:response_cache.py:104 ResponseCache initialized with max_entries=10
DEBUG    asyncio:proactor_events.py:634 Using proactor: IocpProactor
DEBUG    unity_bridge.cache:response_cache.py:226 Cached response for query-hierarchy (TTL: 5.0s, size: 1/10)
DEBUG    unity_bridge.cache:response_cache.py:165 Cache hit for query-hierarchy
DEBUG    unity_bridge.cache:response_cache.py:104 ResponseCache initialized with max_entries=10
DEBUG    asyncio:proactor_events.py:634 Using proactor: IocpProactor
DEBUG    unity_bridge.cache:response_cache.py:226 Cached response for query-hierarchy (TTL: 5.0s, size: 1/10)
DEBUG    unity_bridge.cache:response_cache.py:226 Cached response for query-hierarchy (TTL: 5.0s, size: 2/10)
DEBUG    unity_bridge.cache:response_cache.py:165 Cache hit for query-hierarchy
DEBUG    unity_bridge.cache:response_cache.py:165 Cache hit for query-hierarchy
DEBUG    unity_bridge.cache:response_cache.py:104 ResponseCache initialized with max_entries=10
DEBUG    asyncio:proactor_events.py:634 Using proactor: IocpProactor
DEBUG    unity_bridge.cache:response_cache.py:226 Cached response for get-selection (TTL: 2.0s, size: 1/10)
DEBUG    unity_bridge.cache:response_cache.py:165 Cache hit for get-selection
DEBUG    asyncio:proactor_events.py:634 Using proactor: IocpProactor
DEBUG    unity_bridge.cache:response_cache.py:104 ResponseCache initialized with max_entries=3
DEBUG    unity_bridge.cache:response_cache.py:226 Cached response for query-hierarchy (TTL: 5.0s, size: 1/3)
DEBUG    unity_bridge.cache:response_cache.py:226 Cached response for query-hierarchy (TTL: 5.0s, size: 2/3)
DEBUG    unity_bridge.cache:response_cache.py:226 Cached response for query-hierarchy (TTL: 5.0s, size: 3/3)
DEBUG    unity_bridge.cache:response_cache.py:248 Evicted oldest cache entry: 62fe5a387a337878
DEBUG    unity_bridge.cache:response_cache.py:226 Cached response for query-hierarchy (TTL: 5.0s, size: 3/3)
DEBUG    unity_bridge.cache:response_cache.py:165 Cache hit for query-hierarchy
DEBUG    unity_bridge.cache:response_cache.py:165 Cache hit for query-hierarchy
DEBUG    unity_bridge.cache:response_cache.py:165 Cache hit for query-hierarchy
DEBUG    unity_bridge.cache:response_cache.py:104 ResponseCache initialized with max_entries=10
DEBUG    asyncio:proactor_events.py:634 Using proactor: IocpProactor
DEBUG    unity_bridge.cache:response_cache.py:226 Cached response for query-hierarchy (TTL: 5.0s, size: 1/10)
DEBUG    unity_bridge.cache:response_cache.py:226 Cached response for query-hierarchy (TTL: 5.0s, size: 2/10)
DEBUG    unity_bridge.cache:response_cache.py:226 Cached response for query-hierarchy (TTL: 5.0s, size: 3/10)
DEBUG    unity_bridge.cache:response_cache.py:226 Cached response for query-hierarchy (TTL: 5.0s, size: 4/10)
DEBUG    unity_bridge.cache:response_cache.py:226 Cached response for query-hierarchy (TTL: 5.0s, size: 5/10)
DEBUG    unity_bridge.cache:response_cache.py:165 Cache hit for query-hierarchy
DEBUG    unity_bridge.cache:response_cache.py:165 Cache hit for query-hierarchy
DEBUG    unity_bridge.cache:response_cache.py:165 Cache hit for query-hierarchy
DEBUG    unity_bridge.cache:response_cache.py:165 Cache hit for query-hierarchy
DEBUG    unity_bridge.cache:response_cache.py:165 Cache hit for query-hierarchy
DEBUG    unity_bridge.cache:response_cache.py:104 ResponseCache initialized with max_entries=10
DEBUG    asyncio:proactor_events.py:634 Using proactor: IocpProactor
DEBUG    unity_bridge.cache:response_cache.py:226 Cached response for query-hierarchy (TTL: 5.0s, size: 1/10)
DEBUG    unity_bridge.cache:response_cache.py:226 Cached response for query-hierarchy (TTL: 5.0s, size: 2/10)
DEBUG    unity_bridge.cache:response_cache.py:226 Cached response for get-selection (TTL: 2.0s, size: 3/10)
INFO     unity_bridge.cache:response_cache.py:278 Invalidated all 3 cache entries
DEBUG    unity_bridge.cache:response_cache.py:104 ResponseCache initialized with max_entries=10
DEBUG    asyncio:proactor_events.py:634 Using proactor: IocpProactor
DEBUG    unity_bridge.cache:response_cache.py:226 Cached response for query-hierarchy (TTL: 5.0s, size: 1/10)
DEBUG    unity_bridge.cache:response_cache.py:226 Cached response for query-hierarchy (TTL: 5.0s, size: 2/10)
INFO     unity_bridge.cache:response_cache.py:278 Invalidated all 2 cache entries
DEBUG    unity_bridge.cache:response_cache.py:104 ResponseCache initialized with max_entries=10
DEBUG    asyncio:proactor_events.py:634 Using proactor: IocpProactor
INFO     unity_bridge.cache:response_cache.py:278 Invalidated all 0 cache entries
DEBUG    unity_bridge.cache:response_cache.py:104 ResponseCache initialized with max_entries=10
DEBUG    asyncio:proactor_events.py:634 Using proactor: IocpProactor
DEBUG    unity_bridge.cache:response_cache.py:226 Cached response for query-hierarchy (TTL: 5.0s, size: 1/10)
DEBUG    unity_bridge.cache:response_cache.py:226 Cached response for get-selection (TTL: 2.0s, size: 2/10)
INFO     unity_bridge.cache:response_cache.py:289 Invalidated 0 cache entries matching pattern: query
DEBUG    unity_bridge.cache:response_cache.py:104 ResponseCache initialized with max_entries=10
DEBUG    asyncio:proactor_events.py:634 Using proactor: IocpProactor
DEBUG    unity_bridge.cache:response_cache.py:226 Cached response for query-hierarchy (TTL: 5.0s, size: 1/10)
INFO     unity_bridge.cache:response_cache.py:313 Scene changed from 'Scene1' to 'Scene2' - invalidating cache
INFO     unity_bridge.cache:response_cache.py:278 Invalidated all 1 cache entries
DEBUG    unity_bridge.cache:response_cache.py:104 ResponseCache initialized with max_entries=10
DEBUG    asyncio:proactor_events.py:634 Using proactor: IocpProactor
DEBUG    unity_bridge.cache:response_cache.py:226 Cached response for query-hierarchy (TTL: 5.0s, size: 1/10)
DEBUG    unity_bridge.cache:response_cache.py:165 Cache hit for query-hierarchy
DEBUG    unity_bridge.cache:response_cache.py:104 ResponseCache initialized with max_entries=10
DEBUG    asyncio:proactor_events.py:634 Using proactor: IocpProactor
DEBUG    unity_bridge.cache:response_cache.py:226 Cached response for query-hierarchy (TTL: 5.0s, size: 1/10)
DEBUG    unity_bridge.cache:response_cache.py:165 Cache hit for query-hierarchy
DEBUG    unity_bridge.cache:response_cache.py:104 ResponseCache initialized with max_entries=100
DEBUG    unity_bridge.cache:response_cache.py:367 Created global ResponseCache instance
DEBUG    unity_bridge.cache:response_cache.py:104 ResponseCache initialized with max_entries=10
DEBUG    asyncio:proactor_events.py:634 Using proactor: IocpProactor
DEBUG    unity_bridge.cache:response_cache.py:226 Cached response for query-hierarchy (TTL: 5.0s, size: 1/10)
DEBUG    unity_bridge.cache:response_cache.py:165 Cache hit for query-hierarchy
DEBUG    unity_bridge.cache:response_cache.py:165 Cache hit for query-hierarchy
DEBUG    unity_bridge.cache:response_cache.py:165 Cache hit for query-hierarchy
DEBUG    unity_bridge.cache:response_cache.py:165 Cache hit for query-hierarchy
DEBUG    unity_bridge.cache:response_cache.py:165 Cache hit for query-hierarchy
DEBUG    unity_bridge.cache:response_cache.py:165 Cache hit for query-hierarchy
DEBUG    unity_bridge.cache:response_cache.py:165 Cache hit for query-hierarchy
DEBUG    unity_bridge.cache:response_cache.py:165 Cache hit for query-hierarchy
DEBUG    unity_bridge.cache:response_cache.py:165 Cache hit for query-hierarchy
DEBUG    unity_bridge.cache:response_cache.py:165 Cache hit for query-hierarchy
DEBUG    unity_bridge.cache:response_cache.py:104 ResponseCache initialized with max_entries=10
DEBUG    asyncio:proactor_events.py:634 Using proactor: IocpProactor
DEBUG    unity_bridge.cache:response_cache.py:226 Cached response for query-hierarchy (TTL: 5.0s, size: 1/10)
DEBUG    unity_bridge.cache:response_cache.py:226 Cached response for query-hierarchy (TTL: 5.0s, size: 2/10)
DEBUG    unity_bridge.cache:response_cache.py:226 Cached response for query-hierarchy (TTL: 5.0s, size: 3/10)
DEBUG    unity_bridge.cache:response_cache.py:226 Cached response for query-hierarchy (TTL: 5.0s, size: 4/10)
DEBUG    unity_bridge.cache:response_cache.py:226 Cached response for query-hierarchy (TTL: 5.0s, size: 5/10)
DEBUG    unity_bridge.cache:response_cache.py:226 Cached response for query-hierarchy (TTL: 5.0s, size: 6/10)
DEBUG    unity_bridge.cache:response_cache.py:226 Cached response for query-hierarchy (TTL: 5.0s, size: 7/10)
DEBUG    unity_bridge.cache:response_cache.py:226 Cached response for query-hierarchy (TTL: 5.0s, size: 8/10)
DEBUG    unity_bridge.cache:response_cache.py:226 Cached response for query-hierarchy (TTL: 5.0s, size: 9/10)
DEBUG    unity_bridge.cache:response_cache.py:226 Cached response for query-hierarchy (TTL: 5.0s, size: 10/10)
DEBUG    unity_bridge.cache:response_cache.py:165 Cache hit for query-hierarchy
DEBUG    unity_bridge.cache:response_cache.py:165 Cache hit for query-hierarchy
DEBUG    unity_bridge.cache:response_cache.py:165 Cache hit for query-hierarchy
DEBUG    unity_bridge.cache:response_cache.py:165 Cache hit for query-hierarchy
DEBUG    unity_bridge.cache:response_cache.py:165 Cache hit for query-hierarchy
DEBUG    unity_bridge.cache:response_cache.py:165 Cache hit for query-hierarchy
DEBUG    unity_bridge.cache:response_cache.py:165 Cache hit for query-hierarchy
DEBUG    unity_bridge.cache:response_cache.py:165 Cache hit for query-hierarchy
DEBUG    unity_bridge.cache:response_cache.py:165 Cache hit for query-hierarchy
DEBUG    unity_bridge.cache:response_cache.py:165 Cache hit for query-hierarchy
DEBUG    unity_bridge.cache:response_cache.py:104 ResponseCache initialized with max_entries=10
DEBUG    asyncio:proactor_events.py:634 Using proactor: IocpProactor
DEBUG    unity_bridge.cache:response_cache.py:226 Cached response for query-hierarchy (TTL: 5.0s, size: 1/10)
DEBUG    unity_bridge.cache:response_cache.py:165 Cache hit for query-hierarchy
DEBUG    unity_bridge.cache:response_cache.py:226 Cached response for query-hierarchy (TTL: 5.0s, size: 2/10)
DEBUG    unity_bridge.cache:response_cache.py:165 Cache hit for query-hierarchy
DEBUG    unity_bridge.cache:response_cache.py:226 Cached response for query-hierarchy (TTL: 5.0s, size: 3/10)
DEBUG    unity_bridge.cache:response_cache.py:165 Cache hit for query-hierarchy
DEBUG    unity_bridge.cache:response_cache.py:226 Cached response for query-hierarchy (TTL: 5.0s, size: 4/10)
DEBUG    unity_bridge.cache:response_cache.py:165 Cache hit for query-hierarchy
DEBUG    unity_bridge.cache:response_cache.py:226 Cached response for query-hierarchy (TTL: 5.0s, size: 5/10)
DEBUG    unity_bridge.cache:response_cache.py:165 Cache hit for query-hierarchy
DEBUG    unity_bridge.cache:response_cache.py:226 Cached response for query-hierarchy (TTL: 5.0s, size: 6/10)
DEBUG    unity_bridge.cache:response_cache.py:165 Cache hit for query-hierarchy
DEBUG    unity_bridge.cache:response_cache.py:226 Cached response for query-hierarchy (TTL: 5.0s, size: 7/10)
DEBUG    unity_bridge.cache:response_cache.py:165 Cache hit for query-hierarchy
DEBUG    unity_bridge.cache:response_cache.py:226 Cached response for query-hierarchy (TTL: 5.0s, size: 8/10)
DEBUG    unity_bridge.cache:response_cache.py:165 Cache hit for query-hierarchy
DEBUG    unity_bridge.cache:response_cache.py:226 Cached response for query-hierarchy (TTL: 5.0s, size: 9/10)
DEBUG    unity_bridge.cache:response_cache.py:165 Cache hit for query-hierarchy
DEBUG    unity_bridge.cache:response_cache.py:226 Cached response for query-hierarchy (TTL: 5.0s, size: 10/10)
DEBUG    unity_bridge.cache:response_cache.py:165 Cache hit for query-hierarchy
DEBUG    unity_bridge.cache:response_cache.py:104 ResponseCache initialized with max_entries=100
DEBUG    asyncio:proactor_events.py:634 Using proactor: IocpProactor
DEBUG    unity_bridge.cache:response_cache.py:226 Cached response for query-hierarchy (TTL: 5.0s, size: 1/100)
DEBUG    unity_bridge.cache:response_cache.py:165 Cache hit for query-hierarchy
DEBUG    unity_bridge.cache:response_cache.py:165 Cache hit for query-hierarchy
DEBUG    unity_bridge.cache:response_cache.py:165 Cache hit for query-hierarchy
DEBUG    unity_bridge.cache:response_cache.py:165 Cache hit for query-hierarchy
DEBUG    unity_bridge.cache:response_cache.py:165 Cache hit for query-hierarchy
DEBUG    unity_bridge.cache:response_cache.py:165 Cache hit for query-hierarchy
DEBUG    unity_bridge.cache:response_cache.py:165 Cache hit for query-hierarchy
DEBUG    unity_bridge.cache:response_cache.py:165 Cache hit for query-hierarchy
DEBUG    unity_bridge.cache:response_cache.py:165 Cache hit for query-hierarchy
DEBUG    unity_bridge.cache:response_cache.py:165 Cache hit for query-hierarchy
DEBUG    unity_bridge.cache:response_cache.py:165 Cache hit for query-hierarchy
DEBUG    unity_bridge.cache:response_cache.py:165 Cache hit for query-hierarchy
DEBUG    unity_bridge.cache:response_cache.py:165 Cache hit for query-hierarchy
DEBUG    unity_bridge.cache:response_cache.py:165 Cache hit for query-hierarchy
DEBUG    unity_bridge.cache:response_cache.py:165 Cache hit for query-hierarchy
DEBUG    unity_bridge.cache:response_cache.py:165 Cache hit for query-hierarchy
DEBUG    unity_bridge.cache:response_cache.py:165 Cache hit for query-hierarchy
DEBUG    unity_bridge.cache:response_cache.py:165 Cache hit for query-hierarchy
DEBUG    unity_bridge.cache:response_cache.py:165 Cache hit for query-hierarchy
DEBUG    unity_bridge.cache:response_cache.py:165 Cache hit for query-hierarchy
DEBUG    unity_bridge.cache:response_cache.py:165 Cache hit for query-hierarchy
DEBUG    unity_bridge.cache:response_cache.py:165 Cache hit for query-hierarchy
DEBUG    unity_bridge.cache:response_cache.py:165 Cache hit for query-hierarchy
DEBUG    unity_bridge.cache:response_cache.py:165 Cache hit for query-hierarchy
DEBUG    unity_bridge.cache:response_cache.py:165 Cache hit for query-hierarchy
DEBUG    unity_bridge.cache:response_cache.py:165 Cache hit for query-hierarchy
DEBUG    unity_bridge.cache:response_cache.py:165 Cache hit for query-hierarchy
DEBUG    unity_bridge.cache:response_cache.py:165 Cache hit for query-hierarchy
DEBUG    unity_bridge.cache:response_cache.py:165 Cache hit for query-hierarchy
DEBUG    unity_bridge.cache:response_cache.py:165 Cache hit for query-hierarchy
DEBUG    unity_bridge.cache:response_cache.py:165 Cache hit for query-hierarchy
DEBUG    unity_bridge.cache:response_cache.py:165 Cache hit for query-hierarchy
DEBUG    unity_bridge.cache:response_cache.py:165 Cache hit for query-hierarchy
DEBUG    unity_bridge.cache:response_cache.py:165 Cache hit for query-hierarchy
DEBUG    unity_bridge.cache:response_cache.py:165 Cache hit for query-hierarchy
DEBUG    unity_bridge.cache:response_cache.py:165 Cache hit for query-hierarchy
DEBUG    unity_bridge.cache:response_cache.py:165 Cache hit for query-hierarchy
DEBUG    unity_bridge.cache:response_cache.py:165 Cache hit for query-hierarchy
DEBUG    unity_bridge.cache:response_cache.py:165 Cache hit for query-hierarchy
DEBUG    unity_bridge.cache:response_cache.py:165 Cache hit for query-hierarchy
DEBUG    unity_bridge.cache:response_cache.py:165 Cache hit for query-hierarchy
DEBUG    unity_bridge.cache:response_cache.py:165 Cache hit for query-hierarchy
DEBUG    unity_bridge.cache:response_cache.py:165 Cache hit for query-hierarchy
DEBUG    unity_bridge.cache:response_cache.py:165 Cache hit for query-hierarchy
DEBUG    unity_bridge.cache:response_cache.py:165 Cache hit for query-hierarchy
DEBUG    unity_bridge.cache:response_cache.py:165 Cache hit for query-hierarchy
DEBUG    unity_bridge.cache:response_cache.py:165 Cache hit for query-hierarchy
DEBUG    unity_bridge.cache:response_cache.py:165 Cache hit for query-hierarchy
DEBUG    unity_bridge.cache:response_cache.py:165 Cache hit for query-hierarchy
DEBUG    unity_bridge.cache:response_cache.py:165 Cache hit for query-hierarchy
DEBUG    unity_bridge.cache:response_cache.py:165 Cache hit for query-hierarchy
DEBUG    unity_bridge.cache:response_cache.py:165 Cache hit for query-hierarchy
DEBUG    unity_bridge.cache:response_cache.py:165 Cache hit for query-hierarchy
DEBUG    unity_bridge.cache:response_cache.py:165 Cache hit for query-hierarchy
DEBUG    unity_bridge.cache:response_cache.py:165 Cache hit for query-hierarchy
DEBUG    unity_bridge.cache:response_cache.py:165 Cache hit for query-hierarchy
DEBUG    unity_bridge.cache:response_cache.py:165 Cache hit for query-hierarchy
DEBUG    unity_bridge.cache:response_cache.py:165 Cache hit for query-hierarchy
DEBUG    unity_bridge.cache:response_cache.py:165 Cache hit for query-hierarchy
DEBUG    unity_bridge.cache:response_cache.py:165 Cache hit for query-hierarchy
DEBUG    unity_bridge.cache:response_cache.py:165 Cache hit for query-hierarchy
DEBUG    unity_bridge.cache:response_cache.py:165 Cache hit for query-hierarchy
DEBUG    unity_bridge.cache:response_cache.py:165 Cache hit for query-hierarchy
DEBUG    unity_bridge.cache:response_cache.py:165 Cache hit for query-hierarchy
DEBUG    unity_bridge.cache:response_cache.py:165 Cache hit for query-hierarchy
DEBUG    unity_bridge.cache:response_cache.py:165 Cache hit for query-hierarchy
DEBUG    unity_bridge.cache:response_cache.py:165 Cache hit for query-hierarchy
DEBUG    unity_bridge.cache:response_cache.py:165 Cache hit for query-hierarchy
DEBUG    unity_bridge.cache:response_cache.py:165 Cache hit for query-hierarchy
DEBUG    unity_bridge.cache:response_cache.py:165 Cache hit for query-hierarchy
DEBUG    unity_bridge.cache:response_cache.py:165 Cache hit for query-hierarchy
DEBUG    unity_bridge.cache:response_cache.py:165 Cache hit for query-hierarchy
DEBUG    unity_bridge.cache:response_cache.py:165 Cache hit for query-hierarchy
DEBUG    unity_bridge.cache:response_cache.py:165 Cache hit for query-hierarchy
DEBUG    unity_bridge.cache:response_cache.py:165 Cache hit for query-hierarchy
DEBUG    unity_bridge.cache:response_cache.py:165 Cache hit for query-hierarchy
DEBUG    unity_bridge.cache:response_cache.py:165 Cache hit for query-hierarchy
DEBUG    unity_bridge.cache:response_cache.py:165 Cache hit for query-hierarchy
DEBUG    unity_bridge.cache:response_cache.py:165 Cache hit for query-hierarchy
DEBUG    unity_bridge.cache:response_cache.py:165 Cache hit for query-hierarchy
DEBUG    unity_bridge.cache:response_cache.py:165 Cache hit for query-hierarchy
DEBUG    unity_bridge.cache:response_cache.py:165 Cache hit for query-hierarchy
DEBUG    unity_bridge.cache:response_cache.py:165 Cache hit for query-hierarchy
DEBUG    unity_bridge.cache:response_cache.py:165 Cache hit for query-hierarchy
DEBUG    unity_bridge.cache:response_cache.py:165 Cache hit for query-hierarchy
DEBUG    unity_bridge.cache:response_cache.py:165 Cache hit for query-hierarchy
DEBUG    unity_bridge.cache:response_cache.py:165 Cache hit for query-hierarchy
DEBUG    unity_bridge.cache:response_cache.py:165 Cache hit for query-hierarchy
DEBUG    unity_bridge.cache:response_cache.py:165 Cache hit for query-hierarchy
DEBUG    unity_bridge.cache:response_cache.py:165 Cache hit for query-hierarchy
DEBUG    unity_bridge.cache:response_cache.py:165 Cache hit for query-hierarchy
DEBUG    unity_bridge.cache:response_cache.py:165 Cache hit for query-hierarchy
DEBUG    unity_bridge.cache:response_cache.py:165 Cache hit for query-hierarchy
DEBUG    unity_bridge.cache:response_cache.py:165 Cache hit for query-hierarchy
DEBUG    unity_bridge.cache:response_cache.py:165 Cache hit for query-hierarchy
DEBUG    unity_bridge.cache:response_cache.py:165 Cache hit for query-hierarchy
DEBUG    unity_bridge.cache:response_cache.py:165 Cache hit for query-hierarchy
DEBUG    unity_bridge.cache:response_cache.py:165 Cache hit for query-hierarchy
DEBUG    unity_bridge.cache:response_cache.py:165 Cache hit for query-hierarchy
DEBUG    unity_bridge.cache:response_cache.py:165 Cache hit for query-hierarchy
DEBUG    asyncio:proactor_events.py:634 Using proactor: IocpProactor
DEBUG    asyncio:proactor_events.py:634 Using proactor: IocpProactor
WARNING  unity_bridge.retry:retry_handler.py:125 Retryable error on attempt 1: file is being used. Retrying in 0.01s...
WARNING  unity_bridge.retry:retry_handler.py:125 Retryable error on attempt 2: file is being used. Retrying in 0.02s...
DEBUG    asyncio:proactor_events.py:634 Using proactor: IocpProactor
DEBUG    asyncio:proactor_events.py:634 Using proactor: IocpProactor
WARNING  unity_bridge.retry:retry_handler.py:125 Retryable error on attempt 1: timeout occurred. Retrying in 0.01s...
WARNING  unity_bridge.retry:retry_handler.py:125 Retryable error on attempt 2: timeout occurred. Retrying in 0.02s...
DEBUG    asyncio:proactor_events.py:634 Using proactor: IocpProactor
WARNING  unity_bridge.retry:retry_handler.py:139 Exception on attempt 1: Access denied. Retrying in 0.01s...
WARNING  unity_bridge.retry:retry_handler.py:139 Exception on attempt 2: Access denied. Retrying in 0.02s...
DEBUG    asyncio:proactor_events.py:634 Using proactor: IocpProactor
WARNING  unity_bridge.retry:retry_handler.py:139 Exception on attempt 1: File locked. Retrying in 0.01s...
WARNING  unity_bridge.retry:retry_handler.py:139 Exception on attempt 2: File locked. Retrying in 0.02s...
DEBUG    asyncio:proactor_events.py:634 Using proactor: IocpProactor
WARNING  unity_bridge.retry:retry_handler.py:125 Retryable error on attempt 1: timeout. Retrying in 0.10s...
WARNING  unity_bridge.retry:retry_handler.py:125 Retryable error on attempt 2: timeout. Retrying in 0.20s...
DEBUG    asyncio:proactor_events.py:634 Using proactor: IocpProactor
WARNING  unity_bridge.retry:retry_handler.py:125 Retryable error on attempt 1: access denied. Retrying in 0.10s...
DEBUG    asyncio:proactor_events.py:634 Using proactor: IocpProactor
DEBUG    asyncio:proactor_events.py:634 Using proactor: IocpProactor
DEBUG    asyncio:proactor_events.py:634 Using proactor: IocpProactor
WARNING  unity_bridge.retry:retry_handler.py:125 Retryable error on attempt 1: timeout. Retrying in 0.10s...
DEBUG    asyncio:proactor_events.py:634 Using proactor: IocpProactor
WARNING  unity_bridge.retry:retry_handler.py:125 Retryable error on attempt 1: sharing violation. Retrying in 0.01s...
WARNING  unity_bridge.retry:retry_handler.py:125 Retryable error on attempt 2: sharing violation. Retrying in 0.02s...
WARNING  unity_bridge.retry:retry_handler.py:125 Retryable error on attempt 3: sharing violation. Retrying in 0.04s...
DEBUG    asyncio:proactor_events.py:634 Using proactor: IocpProactor
DEBUG    asyncio:proactor_events.py:634 Using proactor: IocpProactor
WARNING  unity_bridge.retry:retry_handler.py:125 Retryable error on attempt 1: timeout. Retrying in 0.01s...
WARNING  unity_bridge.retry:retry_handler.py:125 Retryable error on attempt 2: access denied. Retrying in 0.02s...
DEBUG    asyncio:proactor_events.py:634 Using proactor: IocpProactor
WARNING  unity_bridge.retry:retry_handler.py:139 Exception on attempt 1: The process cannot access the file because it is being used by another process. Retrying in 0.05s...
WARNING  unity_bridge.retry:retry_handler.py:139 Exception on attempt 2: The process cannot access the file because it is being used by another process. Retrying in 0.10s...
DEBUG    asyncio:proactor_events.py:634 Using proactor: IocpProactor
DEBUG    mcp.server.lowlevel.server:server.py:153 Initializing server 'unity-bridge'
DEBUG    mcp.server.lowlevel.server:server.py:385 Registering handler for ListToolsRequest
DEBUG    mcp.server.lowlevel.server:server.py:446 Registering handler for CallToolRequest
DEBUG    asyncio:proactor_events.py:634 Using proactor: IocpProactor
DEBUG    asyncio:proactor_events.py:634 Using proactor: IocpProactor
DEBUG    asyncio:proactor_events.py:634 Using proactor: IocpProactor
DEBUG    asyncio:proactor_events.py:634 Using proactor: IocpProactor
DEBUG    asyncio:proactor_events.py:634 Using proactor: IocpProactor
DEBUG    asyncio:proactor_events.py:634 Using proactor: IocpProactor
DEBUG    asyncio:proactor_events.py:634 Using proactor: IocpProactor
DEBUG    asyncio:proactor_events.py:634 Using proactor: IocpProactor
DEBUG    asyncio:proactor_events.py:634 Using proactor: IocpProactor
DEBUG    asyncio:proactor_events.py:634 Using proactor: IocpProactor
DEBUG    asyncio:proactor_events.py:634 Using proactor: IocpProactor
DEBUG    asyncio:proactor_events.py:634 Using proactor: IocpProactor
DEBUG    asyncio:proactor_events.py:634 Using proactor: IocpProactor
DEBUG    asyncio:proactor_events.py:634 Using proactor: IocpProactor
DEBUG    asyncio:proactor_events.py:634 Using proactor: IocpProactor
DEBUG    asyncio:proactor_events.py:634 Using proactor: IocpProactor
DEBUG    asyncio:proactor_events.py:634 Using proactor: IocpProactor
DEBUG    asyncio:proactor_events.py:634 Using proactor: IocpProactor
DEBUG    asyncio:proactor_events.py:634 Using proactor: IocpProactor
DEBUG    asyncio:proactor_events.py:634 Using proactor: IocpProactor
DEBUG    asyncio:proactor_events.py:634 Using proactor: IocpProactor
DEBUG    asyncio:proactor_events.py:634 Using proactor: IocpProactor
DEBUG    asyncio:proactor_events.py:634 Using proactor: IocpProactor
DEBUG    asyncio:proactor_events.py:634 Using proactor: IocpProactor
DEBUG    asyncio:proactor_events.py:634 Using proactor: IocpProactor
DEBUG    asyncio:proactor_events.py:634 Using proactor: IocpProactor
DEBUG    asyncio:proactor_events.py:634 Using proactor: IocpProactor
DEBUG    asyncio:proactor_events.py:634 Using proactor: IocpProactor
DEBUG    asyncio:proactor_events.py:634 Using proactor: IocpProactor
DEBUG    asyncio:proactor_events.py:634 Using proactor: IocpProactor
DEBUG    asyncio:proactor_events.py:634 Using proactor: IocpProactor
DEBUG    asyncio:proactor_events.py:634 Using proactor: IocpProactor
DEBUG    asyncio:proactor_events.py:634 Using proactor: IocpProactor
DEBUG    asyncio:proactor_events.py:634 Using proactor: IocpProactor
DEBUG    asyncio:proactor_events.py:634 Using proactor: IocpProactor
DEBUG    asyncio:proactor_events.py:634 Using proactor: IocpProactor
DEBUG    asyncio:proactor_events.py:634 Using proactor: IocpProactor
DEBUG    asyncio:proactor_events.py:634 Using proactor: IocpProactor
DEBUG    asyncio:proactor_events.py:634 Using proactor: IocpProactor
DEBUG    asyncio:proactor_events.py:634 Using proactor: IocpProactor
DEBUG    asyncio:proactor_events.py:634 Using proactor: IocpProactor
DEBUG    asyncio:proactor_events.py:634 Using proactor: IocpProactor
DEBUG    asyncio:proactor_events.py:634 Using proactor: IocpProactor
DEBUG    asyncio:proactor_events.py:634 Using proactor: IocpProactor
DEBUG    asyncio:proactor_events.py:634 Using proactor: IocpProactor
DEBUG    asyncio:proactor_events.py:634 Using proactor: IocpProactor
DEBUG    asyncio:proactor_events.py:634 Using proactor: IocpProactor
DEBUG    asyncio:proactor_events.py:634 Using proactor: IocpProactor
DEBUG    asyncio:proactor_events.py:634 Using proactor: IocpProactor
DEBUG    asyncio:proactor_events.py:634 Using proactor: IocpProactor
DEBUG    asyncio:proactor_events.py:634 Using proactor: IocpProactor
DEBUG    asyncio:proactor_events.py:634 Using proactor: IocpProactor
ERROR    unity_bridge.project:project.py:63 No Unity project found (searched 10 levels from C:\Users\bsmi0\AppData\Local\Temp\pytest-of-bsmi0\pytest-11\test_no_project_found_raises0\empty_dir)
DEBUG    asyncio:proactor_events.py:634 Using proactor: IocpProactor
DEBUG    asyncio:proactor_events.py:634 Using proactor: IocpProactor
DEBUG    asyncio:proactor_events.py:634 Using proactor: IocpProactor
DEBUG    asyncio:proactor_events.py:634 Using proactor: IocpProactor
DEBUG    asyncio:proactor_events.py:634 Using proactor: IocpProactor
DEBUG    asyncio:proactor_events.py:634 Using proactor: IocpProactor
DEBUG    asyncio:proactor_events.py:634 Using proactor: IocpProactor
